game.xpm amusement.xpm
utility.xpm calculator.xpm
sound.xpm cd-player.xpm
network.xpm chat.xpm
todo.xpm choice-no.xpm
todo.xpm choice-yes.xpm
utility.xpm clock.xpm
empty.xpm colors.xpm
todo.xpm configuration.xpm
utility.xpm developement.xpm
todo.xpm disk.xpm
disk.xpm disk-cd.xpm
disk.xpm disk-floppy.xpm
todo.xpm display.xpm
utility.xpm editor.xpm
item.xpm file.xpm
folder.xpm file-manager.xpm
todo.xpm folder.xpm
folder.xpm folder-open.xpm
todo.xpm font.xpm
todo.xpm game.xpm
game.xpm game-action.xpm
game.xpm game-board.xpm
game.xpm game-cards.xpm
game.xpm game-logic.xpm
utility.xpm ghostview.xpm
image-processor.xpm gimp.xpm
gnu.xpm gnome.xpm
todo.xpm gnu.xpm
colors.xpm graphics.xpm
information.xpm help.xpm
todo.xpm home.xpm
graphics.xpm image-processor.xpm
graphics.xpm image-viewer.xpm
todo.xpm information.xpm
todo.xpm item.xpm
todo.xpm kde.xpm
todo.xpm keyboard.xpm
todo.xpm linux.xpm
todo.xpm lock.xpm
todo.xpm mail.xpm
item.xpm modules.xpm
terminal.xpm monitoring.xpm
todo.xpm mouse.xpm
sound.xpm multimedia.xpm
sound.xpm music.xpm
www.xpm netscape.xpm
todo.xpm network.xpm
chat.xpm news.xpm
utility.xpm printing.xpm
utility.xpm programs.xpm
todo.xpm quit.xpm
todo.xpm refresh.xpm
todo.xpm restart.xpm
utility.xpm science.xpm
todo.xpm sound.xpm
todo.xpm system.xpm
todo.xpm terminal.xpm
terminal.xpm terminal-remote.xpm
terminal.xpm terminal-special.xpm
configuration.xpm themes.xpm
empty.xpm todo.xpm
todo.xpm unknown.xpm
todo.xpm utility.xpm
multimedia.xpm video.xpm
utility.xpm viewer.xpm
todo.xpm window.xpm
window.xpm window-close.xpm
window-close.xpm window-delete.xpm
window-close.xpm window-destroy.xpm
window.xpm window-iconify.xpm
window.xpm window-identify.xpm
window.xpm window-lower.xpm
window.xpm window-maximize.xpm
window.xpm window-move.xpm
window.xpm window-raise.xpm
window.xpm window-resize.xpm
window.xpm window-shade.xpm
window.xpm window-stick.xpm
window.xpm windows.xpm
editor.xpm word-processor.xpm
network.xpm www.xpm
image-viewer.xpm xv.xpm
