game.xpm amusement.xpm
sound.xpm cd-player.xpm
network.xpm chat.xpm
todo.xpm choice-yes.xpm
utility.xpm clock.xpm
todo.xpm colors.xpm
todo.xpm configuration.xpm
utility.xpm developement.xpm
todo.xpm disk.xpm
disk.xpm disk-cd.xpm
disk.xpm disk-floppy.xpm
todo.xpm display.xpm
item.xpm file.xpm
folder.xpm file-manager.xpm
todo.xpm folder.xpm
folder.xpm folder-open.xpm
game.xpm game-board.xpm
game.xpm game-cards.xpm
game.xpm game-logic.xpm
utility.xpm ghostview.xpm
image-processor.xpm gimp.xpm
gnu.xpm gnome.xpm
todo.xpm gnu.xpm
colors.xpm graphics.xpm
information.xpm help.xpm
todo.xpm home.xpm
image-viewer.xpm image-processor.xpm
todo.xpm information.xpm
todo.xpm item.xpm
todo.xpm kde.xpm
todo.xpm keyboard.xpm
todo.xpm linux.xpm
item.xpm modules.xpm
terminal.xpm monitoring.xpm
todo.xpm mouse.xpm
sound.xpm multimedia.xpm
sound.xpm music.xpm
todo.xpm network.xpm
chat.xpm news.xpm
utility.xpm programs.xpm
todo.xpm quit.xpm
todo.xpm restart.xpm
utility.xpm science.xpm
todo.xpm sound.xpm
todo.xpm system.xpm
configuration.xpm themes.xpm
todo.xpm utility.xpm
multimedia.xpm video.xpm
utility.xpm viewer.xpm
choice-no.xpm window-close.xpm
window-close.xpm window-delete.xpm
window.xpm windows.xpm
editor.xpm word-processor.xpm
network.xpm www.xpm
image-viewer.xpm xv.xpm
